HAL.hpp:124:18:virtual void touchgfx::HAL::setDisplayOrientation(touchgfx::DisplayOrientation)	0	static
HAL.hpp:670:18:virtual bool touchgfx::HAL::sampleKey(uint8_t&)	0	static
HAL.hpp:737:18:virtual void touchgfx::HAL::setAnimationStorage(void*)	0	static
HAL.hpp:876:30:virtual touchgfx::FlashDataReader* touchgfx::HAL::getFlashDataReader() const	0	static
HAL.hpp:1025:18:virtual void touchgfx::HAL::taskDelay(uint16_t)	0	static
HAL.hpp:1052:22:virtual uint16_t touchgfx::HAL::getTFTCurrentLine()	0	static
HAL.hpp:1063:21:virtual touchgfx::DMAType touchgfx::HAL::getDMAType()	0	static
TouchGFXHAL.hpp:38:7:TouchGFXHAL::~TouchGFXHAL()	0	static
CortexMMCUInstrumentation.hpp:20:7:touchgfx::CortexMMCUInstrumentation::~CortexMMCUInstrumentation()	0	static
TouchGFXHAL.cpp:36:6:virtual void TouchGFXHAL::initialize()	16	static
TouchGFXHAL.cpp:54:6:virtual void TouchGFXHAL::taskEntry()	8	static
HAL.hpp:638:18:virtual void touchgfx::HAL::backPorchExited()	8	static
TouchGFXHAL.cpp:99:11:virtual uint16_t* TouchGFXHAL::getTFTFrameBuffer() const	0	static
TouchGFXHAL.cpp:114:6:virtual void TouchGFXHAL::setTFTFrameBuffer(uint16_t*)	0	static
TouchGFXHAL.cpp:131:6:virtual void TouchGFXHAL::flushFrameBuffer(const touchgfx::Rect&)	24	static
TouchGFXHAL.cpp:153:6:virtual void TouchGFXHAL::configureInterrupts()	0	static
TouchGFXHAL.cpp:166:6:virtual void TouchGFXHAL::enableInterrupts()	0	static
TouchGFXHAL.cpp:179:6:virtual void TouchGFXHAL::disableInterrupts()	0	static
TouchGFXHAL.cpp:193:6:virtual void TouchGFXHAL::enableLCDControllerInterrupt()	0	static
HAL.hpp:720:18:virtual void touchgfx::HAL::setFrameBufferStartAddresses(void*, void*, void*)	8	static
HAL.hpp:156:18:virtual void touchgfx::HAL::setFrameBufferSize(uint16_t, uint16_t)	8	static
TouchGFXHAL.hpp:113:18:virtual void TouchGFXHAL::flushFrameBuffer()	0	static
TouchGFXHAL.hpp:38:7:virtual TouchGFXHAL::~TouchGFXHAL()	8	static
HAL.hpp:320:28:virtual touchgfx::BlitOperations touchgfx::HAL::getBlitCaps()	0	static
HAL.hpp:1162:18:virtual void touchgfx::HAL::performDisplayOrientationChange()	8	static
TouchGFXHAL.cpp:205:19:long int IdleTaskHook(void*)	8	static
CortexMMCUInstrumentation.hpp:20:7:virtual touchgfx::CortexMMCUInstrumentation::~CortexMMCUInstrumentation()	8	static
TouchGFXHAL.cpp:217:1:cpp)	0	static
