stm32f7xx_hal_msp.c:65:6:HAL_MspInit	8	static
stm32f7xx_hal_msp.c:89:6:HAL_ADC_MspInit	40	static
stm32f7xx_hal_msp.c:129:6:HAL_ADC_MspDeInit	8	static
stm32f7xx_hal_msp.c:160:6:HAL_CRC_MspInit	8	static
stm32f7xx_hal_msp.c:182:6:HAL_CRC_MspDeInit	0	static
stm32f7xx_hal_msp.c:204:6:HAL_DMA2D_MspInit	16	static
stm32f7xx_hal_msp.c:229:6:HAL_DMA2D_MspDeInit	0	static
stm32f7xx_hal_msp.c:254:6:HAL_LTDC_MspInit	192	static
stm32f7xx_hal_msp.c:371:6:HAL_LTDC_MspDeInit	8	static
stm32f7xx_hal_msp.c:440:6:HAL_RTC_MspInit	144	static
stm32f7xx_hal_msp.c:473:6:HAL_RTC_MspDeInit	0	static
stm32f7xx_hal_msp.c:495:6:HAL_UART_MspInit	192	static
stm32f7xx_hal_msp.c:550:6:HAL_UART_MspDeInit	8	static
stm32f7xx_hal_msp.c:683:6:HAL_SDRAM_MspInit	48	static
stm32f7xx_hal_msp.c:769:6:HAL_SDRAM_MspDeInit	8	static
